There is a chest in front of you
[Open it]
[Knock on it]
[Take a swing at it with your trusty sledgehammer]
[Leave]
You are looking at an open chest filled with riches
[Grab some gold]
[Grab a shiny sword]
[Leave]
You fell off the end of the world
