Error: chose selection 0, but there are only 0

Location:
    src/story.rs
