Error: invalid digit found in string

Location:
    src/bin/step.rs:12:27
