You enter a dark cave
[gtfo]
[go deeper]
It's dark and your steps echo far ahead of your
[walk on]
[return]
You enter a dark cave
[gtfo]
[go deeper]
It's dark and your steps echo far ahead of your
[walk on]
[return]
You enter a large cavern with glowing moss on the walls.
[return]
[walk on]
[explore a small crawlspace to your right]
You fell off the end of the world
