Error: chose selection 42, but there are only 2

Location:
    src/story.rs:60:17
