You enter a dark cave
[gtfo]
[go deeper]
It's dark and your steps echo far ahead of your
[walk on]
[return]
// Initial Room
corridor
## corridor
It's dark and your steps echo far ahead of your
deeper: walk on
entrance: return

## deeper
You enter a large cavern with glowing moss on the walls.
corridor: return
deeper2: walk on
crawlspace: explore a small crawlspace to your right

## entrance
You enter a dark cave
out: gtfo
corridor: go deeper


