Story {
    rooms: {
        RoomId(
            "corridor",
        ): Room {
            message: Spanned {
                span: DIR/story--rebase/tests/steps/main.story:7:0 7:47,
                content: "It's dark and your steps echo far ahead of your",
            },
            choices: [
                (
                    Spanned {
                        span: DIR/story--rebase/tests/steps/main.story:8:8 8:15,
                        content: "walk on",
                    },
                    Spanned {
                        span: DIR/story--rebase/tests/steps/main.story:8:0 8:6,
                        content: RoomId(
                            "deeper",
                        ),
                    },
                ),
                (
                    Spanned {
                        span: DIR/story--rebase/tests/steps/main.story:9:10 9:16,
                        content: "return",
                    },
                    Spanned {
                        span: DIR/story--rebase/tests/steps/main.story:9:0 9:8,
                        content: RoomId(
                            "entrance",
                        ),
                    },
                ),
            ],
        },
        RoomId(
            "deeper",
        ): Room {
            message: Spanned {
                span: DIR/story--rebase/tests/steps/main.story:12:0 12:56,
                content: "You enter a large cavern with glowing moss on the walls.",
            },
            choices: [
                (
                    Spanned {
                        span: DIR/story--rebase/tests/steps/main.story:13:10 13:16,
                        content: "return",
                    },
                    Spanned {
                        span: DIR/story--rebase/tests/steps/main.story:13:0 13:8,
                        content: RoomId(
                            "corridor",
                        ),
                    },
                ),
                (
                    Spanned {
                        span: DIR/story--rebase/tests/steps/main.story:14:9 14:16,
                        content: "walk on",
                    },
                    Spanned {
                        span: DIR/story--rebase/tests/steps/main.story:14:0 14:7,
                        content: RoomId(
                            "deeper2",
                        ),
                    },
                ),
                (
                    Spanned {
                        span: DIR/story--rebase/tests/steps/main.story:15:12 15:52,
                        content: "explore a small crawlspace to your right",
                    },
                    Spanned {
                        span: DIR/story--rebase/tests/steps/main.story:15:0 15:10,
                        content: RoomId(
                            "crawlspace",
                        ),
                    },
                ),
            ],
        },
        RoomId(
            "entrance",
        ): Room {
            message: Spanned {
                span: DIR/story--rebase/tests/steps/main.story:2:0 2:21,
                content: "You enter a dark cave",
            },
            choices: [
                (
                    Spanned {
                        span: DIR/story--rebase/tests/steps/main.story:3:5 3:9,
                        content: "gtfo",
                    },
                    Spanned {
                        span: DIR/story--rebase/tests/steps/main.story:3:0 3:3,
                        content: RoomId(
                            "out",
                        ),
                    },
                ),
                (
                    Spanned {
                        span: DIR/story--rebase/tests/steps/main.story:4:10 4:19,
                        content: "go deeper",
                    },
                    Spanned {
                        span: DIR/story--rebase/tests/steps/main.story:4:0 4:8,
                        content: RoomId(
                            "corridor",
                        ),
                    },
                ),
            ],
        },
    },
    default: Room {
        message: Spanned {
            span: <the abyss>:0:0 0:0,
            content: "You fell off the end of the world",
        },
        choices: [],
    },
    room: Spanned {
        span: DIR/story--rebase/tests/steps/main.story:1:3 1:11,
        content: RoomId(
            "entrance",
        ),
    },
}
